Microchip MPLAB XC8 Compiler V3.00

Linker command line:

-W-3 \
  --edf=C:\Program Files\Microchip\xc8\v3.00\pic\dat\20241204225717_en.msgs \
  -cn -h+dist/default/production\Washing_machine.X.production.sym \
  --cmf=dist/default/production\Washing_machine.X.production.cmf -z \
  -Q16F877A -oC:\Users\hp\AppData\Local\Temp\xcBs8mk.1\driver_tmp_3.o \
  --defsym=__MPLAB_BUILD=1 --fixupoverflow=error \
  -Mdist/default/production/Washing_machine.X.production.map \
  --md=C:\Users\hp\AppData\Local\Temp\xcBs8mk.1\driver_tmp_0.dat -E1 \
  -ver=XC8 Compiler -ACODE=00h-07FFhx4 -ASTRCODE=00h-01FFFh \
  -ASTRING=00h-0FFhx32 -ACONST=00h-0FFhx32 -AENTRY=00h-0FFhx32 \
  -ACOMMON=070h-07Fh -ABANK0=020h-06Fh -ABANK1=0A0h-0EFh \
  -ABANK2=0110h-016Fh -ABANK3=0190h-01EFh \
  -ARAM=020h-06Fh,0A0h-0EFh,0110h-016Fh,0190h-01EFh \
  -AABS1=020h-07Fh,0A0h-0EFh,0110h-016Fh,0190h-01EFh -ASFR0=00h-01Fh \
  -ASFR1=080h-09Fh -ASFR2=0100h-010Fh -ASFR3=0180h-018Fh \
  -ACONFIG=02007h-02007h -DCONFIG=2 -AIDLOC=02000h-02003h -DIDLOC=2 \
  -AEEDATA=00h-0FFh/02100h -peeprom_data=EEDATA -DEEDATA=2 -DCODE=2 \
  -DSTRCODE=2 -DSTRING=2 -DCONST=2 -DENTRY=2 \
  -preset_vec=00h,intentry=04h,sivt,init,end_init -ppowerup=CODE \
  -pcinit=CODE -pfunctab=ENTRY -k \
  C:\Users\hp\AppData\Local\Temp\xcBs8mk.1\driver_tmp_12.o \
  dist/default/production\Washing_machine.X.production.o 

Object code version is 3.11

Machine type is 16F877A



                Name                               Link     Load   Length Selector   Space Scale
C:\Users\hp\AppData\Local\Temp\xcBs8mk.1\driver_tmp_12.o
                end_init                              C        C        3        8       0
                reset_vec                             0        0        3        0       0
                config                             2007     2007        1        0       4
dist/default/production\Washing_machine.X.production.o
                cinit                                 F        F       41        8       0
                intentry                              4        4        8        8       0
                config                             2007     2007        1        0       4
                text27                             15EE     15EE       51     2BDC       0
                text26                             14B7     14B7       20     296E       0
                text25                             163F     163F       57     2C7E       0
                text24                             1459     1459        B     28B2       0
                text23                              801      801        6     1002       0
                text22                             1450     1450        9     28A0       0
                text21                             149D     149D       1A     293A       0
                text20                             156B     156B       33     2AD6       0
                text19                             1488     1488       15     2910       0
                text18                             16FB     16FB       6F     2DF6       0
                text17                             159E     159E       50     2B3C       0
                text16                             1696     1696       65     2D2C       0
                text15                              807      807       57     100E       0
                text14                              8FD      8FD       A4     11FA       0
                text13                             1542     1542       29     2A84       0
                text12                              436      436      342        8       0
                text11                              DA8      DA8      258     1B50       0
                text10                             14F9     14F9       24     29F2       0
                text9                               778      778       76        8       0
                text8                              151D     151D       25     2A3A       0
                text7                               9A1      9A1       B6     1342       0
                text6                              1464     1464       11     28C8       0
                text5                              176A     176A       96     2ED4       0
                text4                                50       50      3E6        8       0
                text3                               A57      A57       CE     14AE       0
                text2                               B25      B25      127     164A       0
                text1                               85E      85E       9F     10BC       0
                maintext                            C4C      C4C      15C     1898       0
                cstackBANK0                          20       20       43       20       1
                cstackCOMMON                         70       70        9       70       1
                cstackBANK1                          CC       CC        7       A0       1
                inittext                           1475     1475       13     28EA       0
                dataBANK1                            A0       A0       22       A0       1
                bssBANK1                             C2       C2        A       A0       1
                dataBANK0                            6B       6B        2       20       1
                bssBANK0                             63       63        8       20       1
                dataCOMMON                           79       79        2       70       1
                bssCOMMON                            7B       7B        1       70       1
                stringtext                         1000     1000      178       20       0
                strings                             7EE      7EE       12      FDC       0
                idataBANK1                         14D7     14D7       22     29AE       0
                idataBANK0                         144C     144C        2     2898       0
                idataCOMMON                        144E     144E        2     289C       0

TOTAL           Name                               Link     Load   Length     Space
        CLASS   CODE           
                end_init                              C        C        3         0
                cinit                                 F        F       41         0
                intentry                              4        4        8         0
                reset_vec                             0        0        3         0
                text27                             15EE     15EE       51         0
                text26                             14B7     14B7       20         0
                text25                             163F     163F       57         0
                text24                             1459     1459        B         0
                text23                              801      801        6         0
                text22                             1450     1450        9         0
                text21                             149D     149D       1A         0
                text20                             156B     156B       33         0
                text19                             1488     1488       15         0
                text18                             16FB     16FB       6F         0
                text17                             159E     159E       50         0
                text16                             1696     1696       65         0
                text15                              807      807       57         0
                text14                              8FD      8FD       A4         0
                text13                             1542     1542       29         0
                text12                              436      436      342         0
                text11                              DA8      DA8      258         0
                text10                             14F9     14F9       24         0
                text9                               778      778       76         0
                text8                              151D     151D       25         0
                text7                               9A1      9A1       B6         0
                text6                              1464     1464       11         0
                text5                              176A     176A       96         0
                text4                                50       50      3E6         0
                text3                               A57      A57       CE         0
                text2                               B25      B25      127         0
                text1                               85E      85E       9F         0
                maintext                            C4C      C4C      15C         0
                inittext                           1475     1475       13         0
                idataBANK1                         14D7     14D7       22         0
                idataBANK0                         144C     144C        2         0
                idataCOMMON                        144E     144E        2         0

        CLASS   STRCODE        
                stringtext                         1000     1000      178         0

        CLASS   STRING         
                strings                             7EE      7EE       12         0

        CLASS   CONST          

        CLASS   ENTRY          

        CLASS   COMMON         
                cstackCOMMON                         70       70        9         1
                dataCOMMON                           79       79        2         1
                bssCOMMON                            7B       7B        1         1

        CLASS   BANK0          
                cstackBANK0                          20       20       43         1
                dataBANK0                            6B       6B        2         1
                bssBANK0                             63       63        8         1

        CLASS   BANK1          
                cstackBANK1                          CC       CC        7         1
                dataBANK1                            A0       A0       22         1
                bssBANK1                             C2       C2        A         1

        CLASS   BANK2          

        CLASS   BANK3          

        CLASS   RAM            

        CLASS   ABS1           
                abs_s1                               7E       7E        2         1

        CLASS   SFR0           

        CLASS   SFR1           

        CLASS   SFR2           

        CLASS   SFR3           

        CLASS   CONFIG         
                config                             2007     2007        1         4

        CLASS   IDLOC          

        CLASS   EEDATA         

        CLASS   HEAP           

        CLASS   STACK          



SEGMENTS        Name                           Load    Length   Top    Selector   Space  Class     Delta

                reset_vec                      000000  000003  000003         0       0  CODE        2
                intentry                       000004  0007EA  0007EE         8       0  CODE        2
                cstackBANK0                    000020  00004D  00006D        20       1  BANK0       1
                cstackCOMMON                   000070  00000C  00007C        70       1  COMMON      1
                dataBANK1                      0000A0  000033  0000D3        A0       1  BANK1       1
                strings                        0007EE  000012  000800       FDC       0  STRING      2
                text23                         000801  000006  000807      1002       0  CODE        2
                text15                         000807  000057  00085E      100E       0  CODE        2
                text1                          00085E  00009F  0008FD      10BC       0  CODE        2
                text14                         0008FD  0000A4  0009A1      11FA       0  CODE        2
                text7                          0009A1  0000B6  000A57      1342       0  CODE        2
                text3                          000A57  0000CE  000B25      14AE       0  CODE        2
                text2                          000B25  000127  000C4C      164A       0  CODE        2
                maintext                       000C4C  00015C  000DA8      1898       0  CODE        2
                text11                         000DA8  000258  001000      1B50       0  CODE        2
                stringtext                     001000  000178  001178        20       0  STRCODE     2
                idataBANK0                     00144C  000002  00144E      2898       0  CODE        2
                idataCOMMON                    00144E  000002  001450      289C       0  CODE        2
                text22                         001450  000009  001459      28A0       0  CODE        2
                text24                         001459  00000B  001464      28B2       0  CODE        2
                text6                          001464  000011  001475      28C8       0  CODE        2
                inittext                       001475  000013  001488      28EA       0  CODE        2
                text19                         001488  000015  00149D      2910       0  CODE        2
                text21                         00149D  00001A  0014B7      293A       0  CODE        2
                text26                         0014B7  000020  0014D7      296E       0  CODE        2
                idataBANK1                     0014D7  000022  0014F9      29AE       0  CODE        2
                text10                         0014F9  000024  00151D      29F2       0  CODE        2
                text8                          00151D  000025  001542      2A3A       0  CODE        2
                text13                         001542  000029  00156B      2A84       0  CODE        2
                text20                         00156B  000033  00159E      2AD6       0  CODE        2
                text17                         00159E  000050  0015EE      2B3C       0  CODE        2
                text27                         0015EE  000051  00163F      2BDC       0  CODE        2
                text25                         00163F  000057  001696      2C7E       0  CODE        2
                text16                         001696  000065  0016FB      2D2C       0  CODE        2
                text18                         0016FB  00006F  00176A      2DF6       0  CODE        2
                text5                          00176A  000096  001800      2ED4       0  CODE        2


UNUSED ADDRESS RANGES

        Name                Unused          Largest block    Delta
        BANK0            006D-006F              3           1
        BANK1            00D3-00EF             1D           1
        BANK2            0110-016F             60           1
        BANK3            0190-01EF             60           1
        CODE             0003-0003              1           2
                         0800-0800              1
                         1178-144B            2D4
                         1800-1FFF            800
        COMMON           007C-007D              2           1
        CONST            0003-0003              1           2
                         0800-0800              1
                         1178-144B            100
                         1800-1FFF            100
        EEDATA           2100-21FF            100           2
        ENTRY            0003-0003              1           2
                         0800-0800              1
                         1178-144B            100
                         1800-1FFF            100
        IDLOC            2000-2003              4           2
        RAM              006D-006F              3           1
                         00D3-00EF             1D
                         0110-016F             60
                         0190-01EF             60
        SFR0             0000-001F             20           1
        SFR1             0080-009F             20           1
        SFR2             0100-010F             10           1
        SFR3             0180-018F             10           1
        STRCODE          0003-0003              1           2
                         0800-0800              1
                         1178-144B            2D4
                         1800-1FFF            800
        STRING           0003-0003              1           2
                         0800-0800              1
                         1178-144B            100
                         1800-1FFF            100

                                  Symbol Table

?__Umul8_16                      cstackCOMMON 0072
?___awdiv                        cstackCOMMON 0072
?___awmod                        cstackCOMMON 0072
?___fladd                        cstackBANK0  0020
?___flmul                        cstackBANK0  002A
?___flsub                        cstackBANK0  0044
?___fltol                        cstackBANK0  0044
?___wmul                         cstackCOMMON 0072
?___xxtofl                       cstackCOMMON 0072
_GIE                             (abs)        005F
_PEIE                            (abs)        005E
_PORTB                           (abs)        0006
_PORTD                           (abs)        0008
_PR2                             (abs)        0092
_RB0                             (abs)        0030
_RC1                             (abs)        0039
_RC2                             (abs)        003A
_RE1                             (abs)        0049
_RE2                             (abs)        004A
_TMR2IE                          (abs)        0461
_TMR2IF                          (abs)        0061
_TMR2ON                          (abs)        0092
_TRISB                           (abs)        0086
_TRISC1                          (abs)        0439
_TRISC2                          (abs)        043A
_TRISD                           (abs)        0088
_TRISE1                          (abs)        0449
_TRISE2                          (abs)        044A
__H__absolute__                  __absolute__ 0000
__Habs1                          abs1         0000
__Hbank0                         bank0        0000
__Hbank1                         bank1        0000
__Hbank2                         bank2        0000
__Hbank3                         bank3        0000
__HbssBANK0                      bssBANK0     0000
__HbssBANK1                      bssBANK1     0000
__HbssCOMMON                     bssCOMMON    0000
__Hcinit                         cinit        0050
__Hclrtext                       clrtext      0000
__Hcode                          code         0000
__Hcommon                        common       0000
__Hconfig                        config       2008
__HcstackBANK0                   cstackBANK0  0000
__HcstackBANK1                   cstackBANK1  0000
__HcstackCOMMON                  cstackCOMMON 0000
__HdataBANK0                     dataBANK0    0000
__HdataBANK1                     dataBANK1    0000
__HdataCOMMON                    dataCOMMON   0000
__Heeprom_data                   eeprom_data  0000
__Hend_init                      end_init     000F
__Hfunctab                       functab      0000
__Hheap                          heap         0000
__HidataBANK0                    idataBANK0   0000
__HidataBANK1                    idataBANK1   0000
__HidataCOMMON                   idataCOMMON  0000
__Hinit                          init         000C
__Hinittext                      inittext     0000
__Hintentry                      intentry     000C
__Hmaintext                      maintext     0000
__Hpowerup                       powerup      0000
__Hram                           ram          0000
__Hreset_vec                     reset_vec    0003
__Hsfr0                          sfr0         0000
__Hsfr1                          sfr1         0000
__Hsfr2                          sfr2         0000
__Hsfr3                          sfr3         0000
__Hsivt                          sivt         000C
__Hspace_0                       (abs)        1800
__Hspace_1                       (abs)        00D3
__Hspace_2                       (abs)        0000
__Hspace_3                       (abs)        0000
__Hspace_4                       (abs)        400F
__Hstack                         stack        0000
__Hstrings                       strings      0000
__Hstringtext                    stringtext   0000
__Htext                          text         0000
__L__absolute__                  __absolute__ 0000
__Labs1                          abs1         0000
__Lbank0                         bank0        0000
__Lbank1                         bank1        0000
__Lbank2                         bank2        0000
__Lbank3                         bank3        0000
__LbssBANK0                      bssBANK0     0000
__LbssBANK1                      bssBANK1     0000
__LbssCOMMON                     bssCOMMON    0000
__Lcinit                         cinit        000F
__Lclrtext                       clrtext      0000
__Lcode                          code         0000
__Lcommon                        common       0000
__Lconfig                        config       0000
__LcstackBANK0                   cstackBANK0  0000
__LcstackBANK1                   cstackBANK1  0000
__LcstackCOMMON                  cstackCOMMON 0000
__LdataBANK0                     dataBANK0    0000
__LdataBANK1                     dataBANK1    0000
__LdataCOMMON                    dataCOMMON   0000
__Leeprom_data                   eeprom_data  0000
__Lend_init                      end_init     000C
__Lfunctab                       functab      0000
__Lheap                          heap         0000
__LidataBANK0                    idataBANK0   0000
__LidataBANK1                    idataBANK1   0000
__LidataCOMMON                   idataCOMMON  0000
__Linit                          init         000C
__Linittext                      inittext     0000
__Lintentry                      intentry     0004
__Lmaintext                      maintext     0000
__Lpowerup                       powerup      0000
__Lram                           ram          0000
__Lreset_vec                     reset_vec    0000
__Lsfr0                          sfr0         0000
__Lsfr1                          sfr1         0000
__Lsfr2                          sfr2         0000
__Lsfr3                          sfr3         0000
__Lsivt                          sivt         000C
__Lspace_0                       (abs)        0000
__Lspace_1                       (abs)        0000
__Lspace_2                       (abs)        0000
__Lspace_3                       (abs)        0000
__Lspace_4                       (abs)        0000
__Lstack                         stack        0000
__Lstrings                       strings      0000
__Lstringtext                    stringtext   0000
__Ltext                          text         0000
__S0                             (abs)        1800
__S1                             (abs)        00D3
__S3                             (abs)        0000
__Umul8_16                       text13       1542
__Umul8_16@multiplicand          cstackCOMMON 0072
__Umul8_16@multiplier            cstackBANK0  0024
__Umul8_16@product               cstackBANK0  0020
__Umul8_16@word_mpld             cstackBANK0  0022
___awdiv                         text16       1696
___awdiv@counter                 cstackBANK0  0020
___awdiv@dividend                cstackCOMMON 0074
___awdiv@divisor                 cstackCOMMON 0072
___awdiv@quotient                cstackBANK0  0022
___awdiv@sign                    cstackBANK0  0021
___awmod                         text15       0807
___awmod@counter                 cstackCOMMON 0076
___awmod@dividend                cstackCOMMON 0074
___awmod@divisor                 cstackCOMMON 0072
___awmod@sign                    cstackCOMMON 0077
___fladd                         text11       0DA8
___fladd@a                       cstackBANK0  0024
___fladd@aexp                    cstackCOMMON 0073
___fladd@b                       cstackBANK0  0020
___fladd@bexp                    cstackCOMMON 0074
___fladd@grs                     cstackCOMMON 0075
___fladd@signs                   cstackCOMMON 0072
___flge                          text14       08FD
___flge@ff1                      cstackBANK0  004C
___flge@ff2                      cstackBANK0  0050
___flmul                         text12       0436
___flmul@a                       cstackBANK0  002E
___flmul@aexp                    cstackBANK0  0038
___flmul@b                       cstackBANK0  002A
___flmul@bexp                    cstackBANK0  003D
___flmul@grs                     cstackBANK0  0039
___flmul@prod                    cstackBANK0  003E
___flmul@sign                    cstackBANK0  0037
___flmul@temp                    cstackBANK0  0042
___flsub                         text10       14F9
___flsub@a                       cstackBANK0  0044
___flsub@b                       cstackBANK0  0048
___fltol                         text9        0778
___fltol@exp1                    cstackCOMMON 0077
___fltol@f1                      cstackBANK0  0044
___fltol@sign1                   cstackCOMMON 0076
___heap_hi                       (abs)        0000
___heap_lo                       (abs)        0000
___int_sp                        stack        0000
___int_stack_hi                  stack        0000
___int_stack_lo                  stack        0000
___latbits                       (abs)        0002
___sp                            stack        0000
___stack_hi                      stack        0000
___stack_lo                      stack        0000
___stackhi                       (abs)        0000
___stacklo                       (abs)        0000
___wmul                          text8        151D
___wmul@multiplicand             cstackCOMMON 0074
___wmul@multiplier               cstackCOMMON 0072
___wmul@product                  cstackCOMMON 0076
___xxtofl                        text7        09A1
___xxtofl@arg                    cstackBANK0  0026
___xxtofl@exp                    cstackBANK0  0025
___xxtofl@sign                   cstackBANK0  0024
___xxtofl@val                    cstackCOMMON 0072
__end_of__Umul8_16               text13       156B
__end_of___awdiv                 text16       16FB
__end_of___awmod                 text15       085E
__end_of___fladd                 text11       1000
__end_of___flge                  text14       09A1
__end_of___flmul                 text12       0778
__end_of___flsub                 text10       151D
__end_of___fltol                 text9        07EE
__end_of___wmul                  text8        1542
__end_of___xxtofl                text7        0A57
__end_of__initialization         cinit        004C
__end_of__stringtab              strings      0800
__end_of_clcd_print              text20       159E
__end_of_clcd_putch              text19       149D
__end_of_clcd_write              text26       14D7
__end_of_clear_screen            text6        1475
__end_of_door_status_check       text5        1800
__end_of_init_clcd               text24       1464
__end_of_init_config             text21       14B7
__end_of_init_digital_keypad     text23       0807
__end_of_init_display_controller text25       1696
__end_of_init_timer2             text22       1459
__end_of_isr                     text27       163F
__end_of_main                    maintext     0DA8
__end_of_power_on_screen         text18       176A
__end_of_read_digital_keypad     text17       15EE
__end_of_run_program             text4        0436
__end_of_set_time                text3        0B25
__end_of_washing_program_display text2        0C4C
__end_of_water_level_screen      text1        08FD
__initialization                 cinit        000F
__pbssBANK0                      bssBANK0     0063
__pbssBANK1                      bssBANK1     00C2
__pbssCOMMON                     bssCOMMON    007B
__pcstackBANK0                   cstackBANK0  0020
__pcstackBANK1                   cstackBANK1  00CC
__pcstackCOMMON                  cstackCOMMON 0070
__pdataBANK0                     dataBANK0    006B
__pdataBANK1                     dataBANK1    00A0
__pdataCOMMON                    dataCOMMON   0079
__pidataBANK0                    idataBANK0   144C
__pidataBANK1                    idataBANK1   14D7
__pidataCOMMON                   idataCOMMON  144E
__pintentry                      intentry     0004
__pmaintext                      maintext     0C4C
__pstrings                       strings      07EE
__pstringtext                    stringtext   1000
__ptext1                         text1        085E
__ptext10                        text10       14F9
__ptext11                        text11       0DA8
__ptext12                        text12       0436
__ptext13                        text13       1542
__ptext14                        text14       08FD
__ptext15                        text15       0807
__ptext16                        text16       1696
__ptext17                        text17       159E
__ptext18                        text18       16FB
__ptext19                        text19       1488
__ptext2                         text2        0B25
__ptext20                        text20       156B
__ptext21                        text21       149D
__ptext22                        text22       1450
__ptext23                        text23       0801
__ptext24                        text24       1459
__ptext25                        text25       163F
__ptext26                        text26       14B7
__ptext27                        text27       15EE
__ptext3                         text3        0A57
__ptext4                         text4        0050
__ptext5                         text5        176A
__ptext6                         text6        1464
__ptext7                         text7        09A1
__ptext8                         text8        151D
__ptext9                         text9        0778
__stringbase                     strings      0800
__stringtab                      strings      07EE
_clcd_print                      text20       156B
_clcd_putch                      text19       1488
_clcd_write                      text26       14B7
_clear_screen                    text6        1464
_door_status_check               text5        176A
_init_clcd                       text24       1459
_init_config                     text21       149D
_init_digital_keypad             text23       0801
_init_display_controller         text25       163F
_init_timer2                     text22       1450
_isr                             text27       15EE
_level                           bssBANK0     0067
_main                            maintext     0C4C
_min                             bssBANK0     0069
_operational_mode                dataBANK0    006C
_power_on_screen                 text18       16FB
_program_no                      bssBANK0     0068
_read_digital_keypad             text17       159E
_reset_flag                      dataBANK0    006B
_rinse_time                      bssBANK1     00C8
_run_program                     text4        0050
_sec                             bssBANK0     006A
_set_time                        text3        0A57
_spin_time                       bssBANK1     00C6
_time                            bssBANK0     0063
_total_time                      bssBANK0     0065
_wash_time                       bssBANK1     00CA
_washing_program                 dataBANK1    00A0
_washing_program_display         text2        0B25
_water_level                     dataBANK1    00B8
_water_level_screen              text1        085E
btemp                            (abs)        007E
clcd_print@addr                  cstackBANK0  0022
clcd_print@str                   cstackBANK0  0020
clcd_putch@addr                  cstackCOMMON 0078
clcd_putch@data                  cstackBANK0  0024
clcd_write@byte                  cstackCOMMON 0075
clcd_write@mode                  cstackCOMMON 0072
door_status_check@counter        cstackBANK0  0026
end_of_initialization            cinit        004C
init_fetch0                      inittext     1475
init_ram0                        inittext     1479
interrupt_function               intentry     0004
intlevel0                        functab      0000
intlevel1                        functab      0000
intlevel2                        functab      0000
intlevel3                        functab      0000
intlevel4                        functab      0000
intlevel5                        functab      0000
isr@count                        bssBANK1     00C2
main@delay                       cstackBANK1  00CC
main@delay_93                    cstackBANK1  00D0
main@key                         cstackBANK1  00D2
power_on_screen@i                cstackBANK0  0028
power_on_screen@i_194            cstackBANK0  0029
read_digital_keypad@key          cstackCOMMON 0072
read_digital_keypad@long_pressed dataCOMMON   0079
read_digital_keypad@once         dataCOMMON   007A
read_digital_keypad@pre_key      bssCOMMON    007B
reset_vec                        reset_vec    0000
run_program@key                  cstackBANK0  005E
saved_w                          (abs)        007E
start                            init         000C
start_initialization             cinit        000F
washing_program_display@key      cstackBANK0  0027
water_level_screen@key           cstackBANK0  0027
wtemp0                           (abs)        007E


MODULE INFORMATION

Module		Function		Class		Link	Load	Size
C:\Program Files\Microchip\xc8\v3.00\pic\sources\c99\common\flge.c
		___flge        		CODE           	08FD	0000	164

C:\Program Files\Microchip\xc8\v3.00\pic\sources\c99\common\flge.c estimated size: 164

timers.c
		_init_timer2   		CODE           	1450	0000	9

timers.c estimated size: 9

digital_keypad.c
		_init_digital_keypad		CODE           	0801	0000	6
		_read_digital_keypad		CODE           	159E	0000	80

digital_keypad.c estimated size: 86

C:\Program Files\Microchip\xc8\v3.00\pic\sources\c99\common\Umul16.c
		___wmul        		CODE           	151D	0000	37

C:\Program Files\Microchip\xc8\v3.00\pic\sources\c99\common\Umul16.c estimated size: 37

C:\Program Files\Microchip\xc8\v3.00\pic\sources\c99\common\awmod.c
		___awmod       		CODE           	0807	0000	87

C:\Program Files\Microchip\xc8\v3.00\pic\sources\c99\common\awmod.c estimated size: 87

C:\Program Files\Microchip\xc8\v3.00\pic\sources\c99\common\sprcmul.c
		___flmul       		CODE           	0436	0000	834

C:\Program Files\Microchip\xc8\v3.00\pic\sources\c99\common\sprcmul.c estimated size: 834

washing_machine_function_def.c
		_door_status_check		CODE           	176A	0000	150
		_washing_program_display		CODE           	0B25	0000	295
		_water_level_screen		CODE           	085E	0000	159
		_run_program   		CODE           	0050	0000	998
		_clear_screen  		CODE           	1464	0000	17
		_power_on_screen		CODE           	16FB	0000	111
		_set_time      		CODE           	0A57	0000	206

washing_machine_function_def.c estimated size: 1936

isr.c
		_isr           		CODE           	15EE	0000	81

isr.c estimated size: 81

shared
		__stringtab    		STRING         	07EE	0000	18
		__initialization		CODE           	000F	0000	61

shared estimated size: 79

clcd.c
		_clcd_write    		CODE           	14B7	0000	32
		_clcd_print    		CODE           	156B	0000	51
		_clcd_putch    		CODE           	1488	0000	21
		_init_display_controller		CODE           	163F	0000	87
		_init_clcd     		CODE           	1459	0000	11

clcd.c estimated size: 202

C:\Program Files\Microchip\xc8\v3.00\pic\sources\c99\common\xxtofl.c
		___xxtofl      		CODE           	09A1	0000	182

C:\Program Files\Microchip\xc8\v3.00\pic\sources\c99\common\xxtofl.c estimated size: 182

C:\Program Files\Microchip\xc8\v3.00\pic\sources\c99\common\awdiv.c
		___awdiv       		CODE           	1696	0000	101

C:\Program Files\Microchip\xc8\v3.00\pic\sources\c99\common\awdiv.c estimated size: 101

C:\Program Files\Microchip\xc8\v3.00\pic\sources\c99\common\fltol.c
		___fltol       		CODE           	0778	0000	118

C:\Program Files\Microchip\xc8\v3.00\pic\sources\c99\common\fltol.c estimated size: 118

main.c
		_main          		CODE           	0C4C	0000	348
		_init_config   		CODE           	149D	0000	26

main.c estimated size: 374

C:\Program Files\Microchip\xc8\v3.00\pic\sources\c99\common\sprcadd.c
		___flsub       		CODE           	14F9	0000	36
		___fladd       		CODE           	0DA8	0000	600

C:\Program Files\Microchip\xc8\v3.00\pic\sources\c99\common\sprcadd.c estimated size: 636

C:\Program Files\Microchip\xc8\v3.00\pic\sources\c99\common\Umul8_16.c
		__Umul8_16     		CODE           	1542	0000	41

C:\Program Files\Microchip\xc8\v3.00\pic\sources\c99\common\Umul8_16.c estimated size: 41

